  Geri yüklenecek projeler belirleniyor...
  Geri yükleme için tüm projeler güncel.
C:\Program Files\dotnet\sdk\8.0.417\Microsoft.Common.CurrentVersion.targets(5321,5): warning MSB3026: "C:\Workspaces\Healthlink\healthLink\HealthLink.Api\HealthLink.Api\obj\Debug\net8.0\apphost.exe", "bin\Debug\net8.0\HealthLink.Api.exe" üzerine kopyalanamadı. 1 numaralı yeniden denemeye 1000 ms içinde başlanacak. The process cannot access the file 'C:\Workspaces\Healthlink\healthLink\HealthLink.Api\HealthLink.Api\bin\Debug\net8.0\HealthLink.Api.exe' because it is being used by another process. Dosya şunun tarafından kilitlendi: "HealthLink.Api (20276)" [C:\Workspaces\Healthlink\healthLink\HealthLink.Api\HealthLink.Api\HealthLink.Api.csproj]
C:\Program Files\dotnet\sdk\8.0.417\Microsoft.Common.CurrentVersion.targets(5321,5): warning MSB3026: "C:\Workspaces\Healthlink\healthLink\HealthLink.Api\HealthLink.Api\obj\Debug\net8.0\apphost.exe", "bin\Debug\net8.0\HealthLink.Api.exe" üzerine kopyalanamadı. 2 numaralı yeniden denemeye 1000 ms içinde başlanacak. The process cannot access the file 'C:\Workspaces\Healthlink\healthLink\HealthLink.Api\HealthLink.Api\bin\Debug\net8.0\HealthLink.Api.exe' because it is being used by another process. Dosya şunun tarafından kilitlendi: "HealthLink.Api (20276)" [C:\Workspaces\Healthlink\healthLink\HealthLink.Api\HealthLink.Api\HealthLink.Api.csproj]
C:\Program Files\dotnet\sdk\8.0.417\Microsoft.Common.CurrentVersion.targets(5321,5): warning MSB3026: "C:\Workspaces\Healthlink\healthLink\HealthLink.Api\HealthLink.Api\obj\Debug\net8.0\apphost.exe", "bin\Debug\net8.0\HealthLink.Api.exe" üzerine kopyalanamadı. 3 numaralı yeniden denemeye 1000 ms içinde başlanacak. The process cannot access the file 'C:\Workspaces\Healthlink\healthLink\HealthLink.Api\HealthLink.Api\bin\Debug\net8.0\HealthLink.Api.exe' because it is being used by another process. Dosya şunun tarafından kilitlendi: "HealthLink.Api (20276)" [C:\Workspaces\Healthlink\healthLink\HealthLink.Api\HealthLink.Api\HealthLink.Api.csproj]
C:\Program Files\dotnet\sdk\8.0.417\Microsoft.Common.CurrentVersion.targets(5321,5): warning MSB3026: "C:\Workspaces\Healthlink\healthLink\HealthLink.Api\HealthLink.Api\obj\Debug\net8.0\apphost.exe", "bin\Debug\net8.0\HealthLink.Api.exe" üzerine kopyalanamadı. 4 numaralı yeniden denemeye 1000 ms içinde başlanacak. The process cannot access the file 'C:\Workspaces\Healthlink\healthLink\HealthLink.Api\HealthLink.Api\bin\Debug\net8.0\HealthLink.Api.exe' because it is being used by another process. Dosya şunun tarafından kilitlendi: "HealthLink.Api (20276)" [C:\Workspaces\Healthlink\healthLink\HealthLink.Api\HealthLink.Api\HealthLink.Api.csproj]
C:\Program Files\dotnet\sdk\8.0.417\Microsoft.Common.CurrentVersion.targets(5321,5): warning MSB3026: "C:\Workspaces\Healthlink\healthLink\HealthLink.Api\HealthLink.Api\obj\Debug\net8.0\apphost.exe", "bin\Debug\net8.0\HealthLink.Api.exe" üzerine kopyalanamadı. 5 numaralı yeniden denemeye 1000 ms içinde başlanacak. The process cannot access the file 'C:\Workspaces\Healthlink\healthLink\HealthLink.Api\HealthLink.Api\bin\Debug\net8.0\HealthLink.Api.exe' because it is being used by another process. Dosya şunun tarafından kilitlendi: "HealthLink.Api (20276)" [C:\Workspaces\Healthlink\healthLink\HealthLink.Api\HealthLink.Api\HealthLink.Api.csproj]
C:\Program Files\dotnet\sdk\8.0.417\Microsoft.Common.CurrentVersion.targets(5321,5): warning MSB3026: "C:\Workspaces\Healthlink\healthLink\HealthLink.Api\HealthLink.Api\obj\Debug\net8.0\apphost.exe", "bin\Debug\net8.0\HealthLink.Api.exe" üzerine kopyalanamadı. 6 numaralı yeniden denemeye 1000 ms içinde başlanacak. The process cannot access the file 'C:\Workspaces\Healthlink\healthLink\HealthLink.Api\HealthLink.Api\bin\Debug\net8.0\HealthLink.Api.exe' because it is being used by another process. Dosya şunun tarafından kilitlendi: "HealthLink.Api (20276)" [C:\Workspaces\Healthlink\healthLink\HealthLink.Api\HealthLink.Api\HealthLink.Api.csproj]
C:\Program Files\dotnet\sdk\8.0.417\Microsoft.Common.CurrentVersion.targets(5321,5): warning MSB3026: "C:\Workspaces\Healthlink\healthLink\HealthLink.Api\HealthLink.Api\obj\Debug\net8.0\apphost.exe", "bin\Debug\net8.0\HealthLink.Api.exe" üzerine kopyalanamadı. 7 numaralı yeniden denemeye 1000 ms içinde başlanacak. The process cannot access the file 'C:\Workspaces\Healthlink\healthLink\HealthLink.Api\HealthLink.Api\bin\Debug\net8.0\HealthLink.Api.exe' because it is being used by another process. Dosya şunun tarafından kilitlendi: "HealthLink.Api (20276)" [C:\Workspaces\Healthlink\healthLink\HealthLink.Api\HealthLink.Api\HealthLink.Api.csproj]
C:\Program Files\dotnet\sdk\8.0.417\Microsoft.Common.CurrentVersion.targets(5321,5): warning MSB3026: "C:\Workspaces\Healthlink\healthLink\HealthLink.Api\HealthLink.Api\obj\Debug\net8.0\apphost.exe", "bin\Debug\net8.0\HealthLink.Api.exe" üzerine kopyalanamadı. 8 numaralı yeniden denemeye 1000 ms içinde başlanacak. The process cannot access the file 'C:\Workspaces\Healthlink\healthLink\HealthLink.Api\HealthLink.Api\bin\Debug\net8.0\HealthLink.Api.exe' because it is being used by another process. Dosya şunun tarafından kilitlendi: "HealthLink.Api (20276)" [C:\Workspaces\Healthlink\healthLink\HealthLink.Api\HealthLink.Api\HealthLink.Api.csproj]
C:\Program Files\dotnet\sdk\8.0.417\Microsoft.Common.CurrentVersion.targets(5321,5): warning MSB3026: "C:\Workspaces\Healthlink\healthLink\HealthLink.Api\HealthLink.Api\obj\Debug\net8.0\apphost.exe", "bin\Debug\net8.0\HealthLink.Api.exe" üzerine kopyalanamadı. 9 numaralı yeniden denemeye 1000 ms içinde başlanacak. The process cannot access the file 'C:\Workspaces\Healthlink\healthLink\HealthLink.Api\HealthLink.Api\bin\Debug\net8.0\HealthLink.Api.exe' because it is being used by another process. Dosya şunun tarafından kilitlendi: "HealthLink.Api (20276)" [C:\Workspaces\Healthlink\healthLink\HealthLink.Api\HealthLink.Api\HealthLink.Api.csproj]
C:\Program Files\dotnet\sdk\8.0.417\Microsoft.Common.CurrentVersion.targets(5321,5): warning MSB3026: "C:\Workspaces\Healthlink\healthLink\HealthLink.Api\HealthLink.Api\obj\Debug\net8.0\apphost.exe", "bin\Debug\net8.0\HealthLink.Api.exe" üzerine kopyalanamadı. 10 numaralı yeniden denemeye 1000 ms içinde başlanacak. The process cannot access the file 'C:\Workspaces\Healthlink\healthLink\HealthLink.Api\HealthLink.Api\bin\Debug\net8.0\HealthLink.Api.exe' because it is being used by another process. Dosya şunun tarafından kilitlendi: "HealthLink.Api (20276)" [C:\Workspaces\Healthlink\healthLink\HealthLink.Api\HealthLink.Api\HealthLink.Api.csproj]
C:\Program Files\dotnet\sdk\8.0.417\Microsoft.Common.CurrentVersion.targets(5321,5): error MSB3027: "C:\Workspaces\Healthlink\healthLink\HealthLink.Api\HealthLink.Api\obj\Debug\net8.0\apphost.exe", "bin\Debug\net8.0\HealthLink.Api.exe" üzerine kopyalanamadı. 10 yeniden deneme sayısı aşıldı. Başarısız oldu. Dosya şunun tarafından kilitlendi: "HealthLink.Api (20276)" [C:\Workspaces\Healthlink\healthLink\HealthLink.Api\HealthLink.Api\HealthLink.Api.csproj]
C:\Program Files\dotnet\sdk\8.0.417\Microsoft.Common.CurrentVersion.targets(5321,5): error MSB3021: "C:\Workspaces\Healthlink\healthLink\HealthLink.Api\HealthLink.Api\obj\Debug\net8.0\apphost.exe" dosyası "bin\Debug\net8.0\HealthLink.Api.exe" üzerine kopyalanamıyor. The process cannot access the file 'C:\Workspaces\Healthlink\healthLink\HealthLink.Api\HealthLink.Api\bin\Debug\net8.0\HealthLink.Api.exe' because it is being used by another process. [C:\Workspaces\Healthlink\healthLink\HealthLink.Api\HealthLink.Api\HealthLink.Api.csproj]

Oluşturma BAŞARISIZ OLDU.

C:\Program Files\dotnet\sdk\8.0.417\Microsoft.Common.CurrentVersion.targets(5321,5): warning MSB3026: "C:\Workspaces\Healthlink\healthLink\HealthLink.Api\HealthLink.Api\obj\Debug\net8.0\apphost.exe", "bin\Debug\net8.0\HealthLink.Api.exe" üzerine kopyalanamadı. 1 numaralı yeniden denemeye 1000 ms içinde başlanacak. The process cannot access the file 'C:\Workspaces\Healthlink\healthLink\HealthLink.Api\HealthLink.Api\bin\Debug\net8.0\HealthLink.Api.exe' because it is being used by another process. Dosya şunun tarafından kilitlendi: "HealthLink.Api (20276)" [C:\Workspaces\Healthlink\healthLink\HealthLink.Api\HealthLink.Api\HealthLink.Api.csproj]
C:\Program Files\dotnet\sdk\8.0.417\Microsoft.Common.CurrentVersion.targets(5321,5): warning MSB3026: "C:\Workspaces\Healthlink\healthLink\HealthLink.Api\HealthLink.Api\obj\Debug\net8.0\apphost.exe", "bin\Debug\net8.0\HealthLink.Api.exe" üzerine kopyalanamadı. 2 numaralı yeniden denemeye 1000 ms içinde başlanacak. The process cannot access the file 'C:\Workspaces\Healthlink\healthLink\HealthLink.Api\HealthLink.Api\bin\Debug\net8.0\HealthLink.Api.exe' because it is being used by another process. Dosya şunun tarafından kilitlendi: "HealthLink.Api (20276)" [C:\Workspaces\Healthlink\healthLink\HealthLink.Api\HealthLink.Api\HealthLink.Api.csproj]
C:\Program Files\dotnet\sdk\8.0.417\Microsoft.Common.CurrentVersion.targets(5321,5): warning MSB3026: "C:\Workspaces\Healthlink\healthLink\HealthLink.Api\HealthLink.Api\obj\Debug\net8.0\apphost.exe", "bin\Debug\net8.0\HealthLink.Api.exe" üzerine kopyalanamadı. 3 numaralı yeniden denemeye 1000 ms içinde başlanacak. The process cannot access the file 'C:\Workspaces\Healthlink\healthLink\HealthLink.Api\HealthLink.Api\bin\Debug\net8.0\HealthLink.Api.exe' because it is being used by another process. Dosya şunun tarafından kilitlendi: "HealthLink.Api (20276)" [C:\Workspaces\Healthlink\healthLink\HealthLink.Api\HealthLink.Api\HealthLink.Api.csproj]
C:\Program Files\dotnet\sdk\8.0.417\Microsoft.Common.CurrentVersion.targets(5321,5): warning MSB3026: "C:\Workspaces\Healthlink\healthLink\HealthLink.Api\HealthLink.Api\obj\Debug\net8.0\apphost.exe", "bin\Debug\net8.0\HealthLink.Api.exe" üzerine kopyalanamadı. 4 numaralı yeniden denemeye 1000 ms içinde başlanacak. The process cannot access the file 'C:\Workspaces\Healthlink\healthLink\HealthLink.Api\HealthLink.Api\bin\Debug\net8.0\HealthLink.Api.exe' because it is being used by another process. Dosya şunun tarafından kilitlendi: "HealthLink.Api (20276)" [C:\Workspaces\Healthlink\healthLink\HealthLink.Api\HealthLink.Api\HealthLink.Api.csproj]
C:\Program Files\dotnet\sdk\8.0.417\Microsoft.Common.CurrentVersion.targets(5321,5): warning MSB3026: "C:\Workspaces\Healthlink\healthLink\HealthLink.Api\HealthLink.Api\obj\Debug\net8.0\apphost.exe", "bin\Debug\net8.0\HealthLink.Api.exe" üzerine kopyalanamadı. 5 numaralı yeniden denemeye 1000 ms içinde başlanacak. The process cannot access the file 'C:\Workspaces\Healthlink\healthLink\HealthLink.Api\HealthLink.Api\bin\Debug\net8.0\HealthLink.Api.exe' because it is being used by another process. Dosya şunun tarafından kilitlendi: "HealthLink.Api (20276)" [C:\Workspaces\Healthlink\healthLink\HealthLink.Api\HealthLink.Api\HealthLink.Api.csproj]
C:\Program Files\dotnet\sdk\8.0.417\Microsoft.Common.CurrentVersion.targets(5321,5): warning MSB3026: "C:\Workspaces\Healthlink\healthLink\HealthLink.Api\HealthLink.Api\obj\Debug\net8.0\apphost.exe", "bin\Debug\net8.0\HealthLink.Api.exe" üzerine kopyalanamadı. 6 numaralı yeniden denemeye 1000 ms içinde başlanacak. The process cannot access the file 'C:\Workspaces\Healthlink\healthLink\HealthLink.Api\HealthLink.Api\bin\Debug\net8.0\HealthLink.Api.exe' because it is being used by another process. Dosya şunun tarafından kilitlendi: "HealthLink.Api (20276)" [C:\Workspaces\Healthlink\healthLink\HealthLink.Api\HealthLink.Api\HealthLink.Api.csproj]
C:\Program Files\dotnet\sdk\8.0.417\Microsoft.Common.CurrentVersion.targets(5321,5): warning MSB3026: "C:\Workspaces\Healthlink\healthLink\HealthLink.Api\HealthLink.Api\obj\Debug\net8.0\apphost.exe", "bin\Debug\net8.0\HealthLink.Api.exe" üzerine kopyalanamadı. 7 numaralı yeniden denemeye 1000 ms içinde başlanacak. The process cannot access the file 'C:\Workspaces\Healthlink\healthLink\HealthLink.Api\HealthLink.Api\bin\Debug\net8.0\HealthLink.Api.exe' because it is being used by another process. Dosya şunun tarafından kilitlendi: "HealthLink.Api (20276)" [C:\Workspaces\Healthlink\healthLink\HealthLink.Api\HealthLink.Api\HealthLink.Api.csproj]
C:\Program Files\dotnet\sdk\8.0.417\Microsoft.Common.CurrentVersion.targets(5321,5): warning MSB3026: "C:\Workspaces\Healthlink\healthLink\HealthLink.Api\HealthLink.Api\obj\Debug\net8.0\apphost.exe", "bin\Debug\net8.0\HealthLink.Api.exe" üzerine kopyalanamadı. 8 numaralı yeniden denemeye 1000 ms içinde başlanacak. The process cannot access the file 'C:\Workspaces\Healthlink\healthLink\HealthLink.Api\HealthLink.Api\bin\Debug\net8.0\HealthLink.Api.exe' because it is being used by another process. Dosya şunun tarafından kilitlendi: "HealthLink.Api (20276)" [C:\Workspaces\Healthlink\healthLink\HealthLink.Api\HealthLink.Api\HealthLink.Api.csproj]
C:\Program Files\dotnet\sdk\8.0.417\Microsoft.Common.CurrentVersion.targets(5321,5): warning MSB3026: "C:\Workspaces\Healthlink\healthLink\HealthLink.Api\HealthLink.Api\obj\Debug\net8.0\apphost.exe", "bin\Debug\net8.0\HealthLink.Api.exe" üzerine kopyalanamadı. 9 numaralı yeniden denemeye 1000 ms içinde başlanacak. The process cannot access the file 'C:\Workspaces\Healthlink\healthLink\HealthLink.Api\HealthLink.Api\bin\Debug\net8.0\HealthLink.Api.exe' because it is being used by another process. Dosya şunun tarafından kilitlendi: "HealthLink.Api (20276)" [C:\Workspaces\Healthlink\healthLink\HealthLink.Api\HealthLink.Api\HealthLink.Api.csproj]
C:\Program Files\dotnet\sdk\8.0.417\Microsoft.Common.CurrentVersion.targets(5321,5): warning MSB3026: "C:\Workspaces\Healthlink\healthLink\HealthLink.Api\HealthLink.Api\obj\Debug\net8.0\apphost.exe", "bin\Debug\net8.0\HealthLink.Api.exe" üzerine kopyalanamadı. 10 numaralı yeniden denemeye 1000 ms içinde başlanacak. The process cannot access the file 'C:\Workspaces\Healthlink\healthLink\HealthLink.Api\HealthLink.Api\bin\Debug\net8.0\HealthLink.Api.exe' because it is being used by another process. Dosya şunun tarafından kilitlendi: "HealthLink.Api (20276)" [C:\Workspaces\Healthlink\healthLink\HealthLink.Api\HealthLink.Api\HealthLink.Api.csproj]
C:\Program Files\dotnet\sdk\8.0.417\Microsoft.Common.CurrentVersion.targets(5321,5): error MSB3027: "C:\Workspaces\Healthlink\healthLink\HealthLink.Api\HealthLink.Api\obj\Debug\net8.0\apphost.exe", "bin\Debug\net8.0\HealthLink.Api.exe" üzerine kopyalanamadı. 10 yeniden deneme sayısı aşıldı. Başarısız oldu. Dosya şunun tarafından kilitlendi: "HealthLink.Api (20276)" [C:\Workspaces\Healthlink\healthLink\HealthLink.Api\HealthLink.Api\HealthLink.Api.csproj]
C:\Program Files\dotnet\sdk\8.0.417\Microsoft.Common.CurrentVersion.targets(5321,5): error MSB3021: "C:\Workspaces\Healthlink\healthLink\HealthLink.Api\HealthLink.Api\obj\Debug\net8.0\apphost.exe" dosyası "bin\Debug\net8.0\HealthLink.Api.exe" üzerine kopyalanamıyor. The process cannot access the file 'C:\Workspaces\Healthlink\healthLink\HealthLink.Api\HealthLink.Api\bin\Debug\net8.0\HealthLink.Api.exe' because it is being used by another process. [C:\Workspaces\Healthlink\healthLink\HealthLink.Api\HealthLink.Api\HealthLink.Api.csproj]
    10 Uyarı
    2 Hata

Geçen Süre 00:00:12.57
